// Jest Snapshot v1, https://goo.gl/fbAQLP

exports[`BasicInput should render basic input 1`] = `
<View
  style={
    Object {
      "marginBottom": 10,
    }
  }
>
  <Text
    style={
      Object {
        "color": "#1F2532",
        "fontFamily": "IBMPlexSans-SemiBold",
        "fontSize": 33.75,
        "lineHeight": 43.125,
        "marginBottom": 5,
        "marginTop": 5,
      }
    }
  >
    empty
  </Text>
  <View
    style={
      Object {
        "paddingHorizontal": 10,
        "width": "100%",
      }
    }
  >
    <View
      collapsable={false}
      style={
        Object {
          "alignItems": "center",
          "borderBottomWidth": 1,
          "borderColor": "#86939e",
          "flexDirection": "row",
          "transform": Array [
            Object {
              "translateX": 0,
            },
          ],
        }
      }
    >
      <TextInput
        accessibilityHint="Please fill in the requested information here."
        editable={true}
        keyboardType="default"
        maxLength={null}
        onChangeText={[Function]}
        placeholderTextColor="#86939e"
        style={
          Object {
            "color": "#242424",
            "flex": 1,
            "fontSize": 18,
            "minHeight": 40,
            "textAlign": "left",
          }
        }
        testID="BasicInput.Input"
        underlineColorAndroid="transparent"
      />
    </View>
    <Text
      style={
        Object {
          "color": "#ff190c",
          "fontSize": 12,
          "margin": 5,
        }
      }
    />
  </View>
</View>
`;
