// Jest Snapshot v1, https://goo.gl/fbAQLP

exports[`categoriesList should render the categories list 1`] = `
<View
  style={
    {
      "backgroundColor": "#F8F9FA",
      "flexDirection": "column",
    }
  }
>
  <View
    accessibilityHint="Opens modal to fill out this questionnaire entry.This Category has not been answered yet."
    accessibilityLabel="item1"
    accessibilityRole="button"
  >
    <View
      style={
        {
          "alignItems": "center",
          "backgroundColor": "#F8F9FA",
          "borderColor": "#bcbbc1",
          "flexDirection": "row",
          "padding": 14,
          "width": "100%",
        }
      }
      testID="padView"
    >
      <View
        accessibilityState={
          {
            "busy": undefined,
            "checked": undefined,
            "disabled": undefined,
            "expanded": undefined,
            "selected": undefined,
          }
        }
        accessibilityValue={
          {
            "max": undefined,
            "min": undefined,
            "now": undefined,
            "text": undefined,
          }
        }
        accessible={true}
        collapsable={false}
        focusable={true}
        onClick={[Function]}
        onResponderGrant={[Function]}
        onResponderMove={[Function]}
        onResponderRelease={[Function]}
        onResponderTerminate={[Function]}
        onResponderTerminationRequest={[Function]}
        onStartShouldSetResponder={[Function]}
        style={
          {
            "backgroundColor": "#F8F9FA",
            "flex": 1,
            "flexDirection": "row",
            "opacity": 1,
            "paddingLeft": 0,
          }
        }
      >
        <View
          style={
            {
              "alignSelf": "center",
              "borderRadius": 16,
              "height": 28,
              "margin": 7,
              "overflow": "hidden",
              "width": 28,
            }
          }
        >
          <View
            testID="1_icon"
          >
            <View
              style={
                {
                  "alignItems": "center",
                  "backgroundColor": "#EB576A",
                  "borderRadius": 16,
                  "height": 28,
                  "justifyContent": "center",
                  "width": 28,
                }
              }
            >
              <Text
                allowFontScaling={false}
                selectable={false}
                style={
                  [
                    {
                      "color": "#ffffff",
                      "fontSize": 12,
                    },
                    {
                      "backgroundColor": "transparent",
                    },
                    {
                      "fontFamily": "Material Design Icons",
                      "fontStyle": "normal",
                      "fontWeight": "normal",
                    },
                    {},
                  ]
                }
                testID="iconIcon"
              >
                󰲶
              </Text>
            </View>
          </View>
        </View>
        <View
          style={
            [
              {
                "alignItems": "flex-start",
                "flex": 1,
                "justifyContent": "center",
              },
              undefined,
            ]
          }
          theme={
            {
              "colors": {
                "black": "#242424",
                "disabled": "hsl(208, 8%, 90%)",
                "divider": "#bcbbc1",
                "error": "#ff190c",
                "grey0": "#393e42",
                "grey1": "#43484d",
                "grey2": "#5e6977",
                "grey3": "#86939e",
                "grey4": "#bdc6cf",
                "grey5": "#e1e8ee",
                "greyOutline": "#bbb",
                "platform": {
                  "android": {
                    "error": "#f44336",
                    "grey": "rgba(0, 0, 0, 0.54)",
                    "primary": "#2196f3",
                    "searchBg": "#dcdce1",
                    "secondary": "#9C27B0",
                    "success": "#4caf50",
                    "warning": "#ffeb3b",
                  },
                  "default": {
                    "error": "#ff3b30",
                    "grey": "#7d7d7d",
                    "primary": "#007aff",
                    "searchBg": "#dcdce1",
                    "secondary": "#5856d6",
                    "success": "#4cd964",
                    "warning": "#ffcc00",
                  },
                  "ios": {
                    "error": "#ff3b30",
                    "grey": "#7d7d7d",
                    "primary": "#007aff",
                    "searchBg": "#dcdce1",
                    "secondary": "#5856d6",
                    "success": "#4cd964",
                    "warning": "#ffcc00",
                  },
                  "web": {
                    "error": "#ff190c",
                    "grey": "#393e42",
                    "primary": "#2089dc",
                    "searchBg": "#303337",
                    "secondary": "#ca71eb",
                    "success": "#52c41a",
                    "warning": "#faad14",
                  },
                },
                "primary": "#2089dc",
                "searchBg": "#303337",
                "secondary": "#ca71eb",
                "success": "#52c41a",
                "warning": "#faad14",
                "white": "#ffffff",
              },
            }
          }
        >
          <Text
            style={
              {
                "backgroundColor": "transparent",
                "color": "#1F2532",
                "fontFamily": "IBMPlexSans-SemiBold",
                "fontSize": 33.75,
                "lineHeight": 43.125,
                "paddingLeft": 14,
              }
            }
            testID="listItemTitle"
          >
            item1
          </Text>
        </View>
      </View>
      <View
        style={
          {
            "paddingLeft": 16,
          }
        }
      />
      <View
        collapsable={false}
        style={
          {
            "transform": [
              {
                "rotate": "0deg",
              },
            ],
          }
        }
      >
        <View
          style={
            {
              "overflow": "hidden",
            }
          }
        >
          <View
            accessibilityHint="show items of this category"
            accessibilityRole="button"
            accessibilityState={
              {
                "disabled": false,
              }
            }
            accessibilityValue={
              {
                "max": undefined,
                "min": undefined,
                "now": undefined,
                "text": undefined,
              }
            }
            accessible={true}
            focusable={true}
            onClick={[Function]}
            onResponderGrant={[Function]}
            onResponderMove={[Function]}
            onResponderRelease={[Function]}
            onResponderTerminate={[Function]}
            onResponderTerminationRequest={[Function]}
            onStartShouldSetResponder={[Function]}
          >
            <View
              style={
                {
                  "alignItems": "center",
                  "backgroundColor": "transparent",
                  "justifyContent": "center",
                }
              }
            >
              <Text
                allowFontScaling={false}
                selectable={false}
                style={
                  [
                    {
                      "color": undefined,
                      "fontSize": 24,
                    },
                    {
                      "backgroundColor": "transparent",
                    },
                    {
                      "fontFamily": "Material Icons",
                      "fontStyle": "normal",
                      "fontWeight": "normal",
                    },
                    {},
                  ]
                }
                testID="iconIcon"
              >
                
              </Text>
            </View>
          </View>
        </View>
      </View>
    </View>
  </View>
  <View
    collapsable={false}
    style={
      {
        "maxHeight": "0%",
        "opacity": 0,
      }
    }
  />
  <View
    accessibilityHint="Opens modal to fill out this questionnaire entry.This Category has already been started, but isn't completely filled in yet."
    accessibilityLabel="item2"
    accessibilityRole="button"
  >
    <View
      style={
        {
          "alignItems": "center",
          "backgroundColor": "#F8F9FA",
          "borderColor": "#bcbbc1",
          "flexDirection": "row",
          "padding": 14,
          "width": "100%",
        }
      }
      testID="padView"
    >
      <View
        accessibilityState={
          {
            "busy": undefined,
            "checked": undefined,
            "disabled": undefined,
            "expanded": undefined,
            "selected": undefined,
          }
        }
        accessibilityValue={
          {
            "max": undefined,
            "min": undefined,
            "now": undefined,
            "text": undefined,
          }
        }
        accessible={true}
        collapsable={false}
        focusable={true}
        onClick={[Function]}
        onResponderGrant={[Function]}
        onResponderMove={[Function]}
        onResponderRelease={[Function]}
        onResponderTerminate={[Function]}
        onResponderTerminationRequest={[Function]}
        onStartShouldSetResponder={[Function]}
        style={
          {
            "backgroundColor": "#F8F9FA",
            "flex": 1,
            "flexDirection": "row",
            "opacity": 1,
            "paddingLeft": 0,
          }
        }
      >
        <View
          style={
            {
              "alignSelf": "center",
              "borderRadius": 16,
              "height": 28,
              "margin": 7,
              "overflow": "hidden",
              "width": 28,
            }
          }
        >
          <View
            testID="2_icon"
          >
            <View
              style={
                {
                  "alignItems": "center",
                  "backgroundColor": "#FFC107",
                  "borderRadius": 16,
                  "height": 28,
                  "justifyContent": "center",
                  "width": 28,
                }
              }
            >
              <Text
                allowFontScaling={false}
                selectable={false}
                style={
                  [
                    {
                      "color": "#ffffff",
                      "fontSize": 12,
                    },
                    {
                      "backgroundColor": "transparent",
                    },
                    {
                      "fontFamily": "Material Design Icons",
                      "fontStyle": "normal",
                      "fontWeight": "normal",
                    },
                    {},
                  ]
                }
                testID="iconIcon"
              >
                󰇘
              </Text>
            </View>
          </View>
        </View>
        <View
          style={
            [
              {
                "alignItems": "flex-start",
                "flex": 1,
                "justifyContent": "center",
              },
              undefined,
            ]
          }
          theme={
            {
              "colors": {
                "black": "#242424",
                "disabled": "hsl(208, 8%, 90%)",
                "divider": "#bcbbc1",
                "error": "#ff190c",
                "grey0": "#393e42",
                "grey1": "#43484d",
                "grey2": "#5e6977",
                "grey3": "#86939e",
                "grey4": "#bdc6cf",
                "grey5": "#e1e8ee",
                "greyOutline": "#bbb",
                "platform": {
                  "android": {
                    "error": "#f44336",
                    "grey": "rgba(0, 0, 0, 0.54)",
                    "primary": "#2196f3",
                    "searchBg": "#dcdce1",
                    "secondary": "#9C27B0",
                    "success": "#4caf50",
                    "warning": "#ffeb3b",
                  },
                  "default": {
                    "error": "#ff3b30",
                    "grey": "#7d7d7d",
                    "primary": "#007aff",
                    "searchBg": "#dcdce1",
                    "secondary": "#5856d6",
                    "success": "#4cd964",
                    "warning": "#ffcc00",
                  },
                  "ios": {
                    "error": "#ff3b30",
                    "grey": "#7d7d7d",
                    "primary": "#007aff",
                    "searchBg": "#dcdce1",
                    "secondary": "#5856d6",
                    "success": "#4cd964",
                    "warning": "#ffcc00",
                  },
                  "web": {
                    "error": "#ff190c",
                    "grey": "#393e42",
                    "primary": "#2089dc",
                    "searchBg": "#303337",
                    "secondary": "#ca71eb",
                    "success": "#52c41a",
                    "warning": "#faad14",
                  },
                },
                "primary": "#2089dc",
                "searchBg": "#303337",
                "secondary": "#ca71eb",
                "success": "#52c41a",
                "warning": "#faad14",
                "white": "#ffffff",
              },
            }
          }
        >
          <Text
            style={
              {
                "backgroundColor": "transparent",
                "color": "#1F2532",
                "fontFamily": "IBMPlexSans-SemiBold",
                "fontSize": 33.75,
                "lineHeight": 43.125,
                "paddingLeft": 14,
              }
            }
            testID="listItemTitle"
          >
            item2
          </Text>
        </View>
      </View>
      <View
        style={
          {
            "paddingLeft": 16,
          }
        }
      />
      <View
        collapsable={false}
        style={
          {
            "transform": [
              {
                "rotate": "0deg",
              },
            ],
          }
        }
      >
        <View
          style={
            {
              "overflow": "hidden",
            }
          }
        >
          <View
            accessibilityHint="show items of this category"
            accessibilityRole="button"
            accessibilityState={
              {
                "disabled": false,
              }
            }
            accessibilityValue={
              {
                "max": undefined,
                "min": undefined,
                "now": undefined,
                "text": undefined,
              }
            }
            accessible={true}
            focusable={true}
            onClick={[Function]}
            onResponderGrant={[Function]}
            onResponderMove={[Function]}
            onResponderRelease={[Function]}
            onResponderTerminate={[Function]}
            onResponderTerminationRequest={[Function]}
            onStartShouldSetResponder={[Function]}
          >
            <View
              style={
                {
                  "alignItems": "center",
                  "backgroundColor": "transparent",
                  "justifyContent": "center",
                }
              }
            >
              <Text
                allowFontScaling={false}
                selectable={false}
                style={
                  [
                    {
                      "color": undefined,
                      "fontSize": 24,
                    },
                    {
                      "backgroundColor": "transparent",
                    },
                    {
                      "fontFamily": "Material Icons",
                      "fontStyle": "normal",
                      "fontWeight": "normal",
                    },
                    {},
                  ]
                }
                testID="iconIcon"
              >
                
              </Text>
            </View>
          </View>
        </View>
      </View>
    </View>
  </View>
  <View
    collapsable={false}
    style={
      {
        "maxHeight": "0%",
        "opacity": 0,
      }
    }
  />
  <View
    accessibilityHint="Opens modal to fill out this questionnaire entry.This Category is fully complete."
    accessibilityLabel="item3"
    accessibilityRole="button"
  >
    <View
      style={
        {
          "alignItems": "center",
          "backgroundColor": "#F8F9FA",
          "borderColor": "#bcbbc1",
          "flexDirection": "row",
          "padding": 14,
          "width": "100%",
        }
      }
      testID="padView"
    >
      <View
        accessibilityState={
          {
            "busy": undefined,
            "checked": undefined,
            "disabled": undefined,
            "expanded": undefined,
            "selected": undefined,
          }
        }
        accessibilityValue={
          {
            "max": undefined,
            "min": undefined,
            "now": undefined,
            "text": undefined,
          }
        }
        accessible={true}
        collapsable={false}
        focusable={true}
        onClick={[Function]}
        onResponderGrant={[Function]}
        onResponderMove={[Function]}
        onResponderRelease={[Function]}
        onResponderTerminate={[Function]}
        onResponderTerminationRequest={[Function]}
        onStartShouldSetResponder={[Function]}
        style={
          {
            "backgroundColor": "#F8F9FA",
            "flex": 1,
            "flexDirection": "row",
            "opacity": 1,
            "paddingLeft": 0,
          }
        }
      >
        <View
          style={
            {
              "alignSelf": "center",
              "borderRadius": 16,
              "height": 28,
              "margin": 7,
              "overflow": "hidden",
              "width": 28,
            }
          }
        >
          <View
            testID="3_icon"
          >
            <View
              style={
                {
                  "alignItems": "center",
                  "backgroundColor": "#006864",
                  "borderRadius": 16,
                  "height": 28,
                  "justifyContent": "center",
                  "width": 28,
                }
              }
            >
              <Text
                allowFontScaling={false}
                selectable={false}
                style={
                  [
                    {
                      "color": "#ffffff",
                      "fontSize": 12,
                    },
                    {
                      "backgroundColor": "transparent",
                    },
                    {
                      "fontFamily": "Material Design Icons",
                      "fontStyle": "normal",
                      "fontWeight": "normal",
                    },
                    {},
                  ]
                }
                testID="iconIcon"
              >
                󰄬
              </Text>
            </View>
          </View>
        </View>
        <View
          style={
            [
              {
                "alignItems": "flex-start",
                "flex": 1,
                "justifyContent": "center",
              },
              undefined,
            ]
          }
          theme={
            {
              "colors": {
                "black": "#242424",
                "disabled": "hsl(208, 8%, 90%)",
                "divider": "#bcbbc1",
                "error": "#ff190c",
                "grey0": "#393e42",
                "grey1": "#43484d",
                "grey2": "#5e6977",
                "grey3": "#86939e",
                "grey4": "#bdc6cf",
                "grey5": "#e1e8ee",
                "greyOutline": "#bbb",
                "platform": {
                  "android": {
                    "error": "#f44336",
                    "grey": "rgba(0, 0, 0, 0.54)",
                    "primary": "#2196f3",
                    "searchBg": "#dcdce1",
                    "secondary": "#9C27B0",
                    "success": "#4caf50",
                    "warning": "#ffeb3b",
                  },
                  "default": {
                    "error": "#ff3b30",
                    "grey": "#7d7d7d",
                    "primary": "#007aff",
                    "searchBg": "#dcdce1",
                    "secondary": "#5856d6",
                    "success": "#4cd964",
                    "warning": "#ffcc00",
                  },
                  "ios": {
                    "error": "#ff3b30",
                    "grey": "#7d7d7d",
                    "primary": "#007aff",
                    "searchBg": "#dcdce1",
                    "secondary": "#5856d6",
                    "success": "#4cd964",
                    "warning": "#ffcc00",
                  },
                  "web": {
                    "error": "#ff190c",
                    "grey": "#393e42",
                    "primary": "#2089dc",
                    "searchBg": "#303337",
                    "secondary": "#ca71eb",
                    "success": "#52c41a",
                    "warning": "#faad14",
                  },
                },
                "primary": "#2089dc",
                "searchBg": "#303337",
                "secondary": "#ca71eb",
                "success": "#52c41a",
                "warning": "#faad14",
                "white": "#ffffff",
              },
            }
          }
        >
          <Text
            style={
              {
                "backgroundColor": "transparent",
                "color": "#1F2532",
                "fontFamily": "IBMPlexSans-SemiBold",
                "fontSize": 33.75,
                "lineHeight": 43.125,
                "paddingLeft": 14,
              }
            }
            testID="listItemTitle"
          >
            item3
          </Text>
        </View>
      </View>
      <View
        style={
          {
            "paddingLeft": 16,
          }
        }
      />
      <View
        collapsable={false}
        style={
          {
            "transform": [
              {
                "rotate": "0deg",
              },
            ],
          }
        }
      >
        <View
          style={
            {
              "overflow": "hidden",
            }
          }
        >
          <View
            accessibilityHint="show items of this category"
            accessibilityRole="button"
            accessibilityState={
              {
                "disabled": false,
              }
            }
            accessibilityValue={
              {
                "max": undefined,
                "min": undefined,
                "now": undefined,
                "text": undefined,
              }
            }
            accessible={true}
            focusable={true}
            onClick={[Function]}
            onResponderGrant={[Function]}
            onResponderMove={[Function]}
            onResponderRelease={[Function]}
            onResponderTerminate={[Function]}
            onResponderTerminationRequest={[Function]}
            onStartShouldSetResponder={[Function]}
          >
            <View
              style={
                {
                  "alignItems": "center",
                  "backgroundColor": "transparent",
                  "justifyContent": "center",
                }
              }
            >
              <Text
                allowFontScaling={false}
                selectable={false}
                style={
                  [
                    {
                      "color": undefined,
                      "fontSize": 24,
                    },
                    {
                      "backgroundColor": "transparent",
                    },
                    {
                      "fontFamily": "Material Icons",
                      "fontStyle": "normal",
                      "fontWeight": "normal",
                    },
                    {},
                  ]
                }
                testID="iconIcon"
              >
                
              </Text>
            </View>
          </View>
        </View>
      </View>
    </View>
  </View>
  <View
    collapsable={false}
    style={
      {
        "maxHeight": "0%",
        "opacity": 0,
      }
    }
  />
</View>
`;
