// Jest Snapshot v1, https://goo.gl/fbAQLP

exports[`AboutScreen should render the about screen 1`] = `
<Modal
  hardwareAccelerated={false}
  testID="Spinner"
  visible={true}
>
  <View
    style={
      {
        "backgroundColor": "#1F2532",
        "bottom": 0,
        "flex": 1,
        "left": 0,
        "position": "absolute",
        "right": 0,
        "top": 0,
      }
    }
  >
    <View
      style={
        {
          "alignItems": "center",
          "bottom": 0,
          "justifyContent": "center",
          "left": 0,
          "position": "absolute",
          "right": 0,
          "top": 0,
        }
      }
    >
      <ActivityIndicator
        color="#EB576A"
        size="large"
        style={
          {
            "flex": 1,
          }
        }
      />
    </View>
  </View>
</Modal>
`;
