// Jest Snapshot v1, https://goo.gl/fbAQLP

exports[`CheckInScreen should render the CheckInScreen 1`] = `
<View
  style={
    {
      "backgroundColor": "#F8F9FA",
      "flexDirection": "column",
      "height": "100%",
    }
  }
  testID="CheckInScreen"
>
  <View
    accessibilityIgnoresInvertColors={true}
    style={
      {
        "backgroundColor": "#F8F9FA",
        "flexDirection": "column",
        "height": 354.06976744186045,
        "paddingTop": 30,
        "width": "100%",
      }
    }
  >
    <Image
      resizeMode="cover"
      source={
        {
          "process": [Function],
        }
      }
      style={
        [
          {
            "bottom": 0,
            "left": 0,
            "position": "absolute",
            "right": 0,
            "top": 0,
          },
          {
            "height": 354.06976744186045,
            "width": "100%",
          },
          undefined,
        ]
      }
    />
    <View
      style={
        {
          "alignItems": "center",
          "alignSelf": "center",
          "flexDirection": "row",
          "justifyContent": "space-between",
          "marginVertical": 20,
          "width": "90%",
        }
      }
    >
      <View
        style={
          {
            "overflow": "hidden",
          }
        }
      >
        <View
          accessibilityHint="Re-fetches the questionnaire and status. The current page will be updated."
          accessibilityLabel="refresh"
          accessibilityRole="button"
          accessibilityState={
            {
              "disabled": false,
            }
          }
          accessibilityValue={
            {
              "max": undefined,
              "min": undefined,
              "now": undefined,
              "text": undefined,
            }
          }
          accessible={true}
          focusable={true}
          onClick={[Function]}
          onResponderGrant={[Function]}
          onResponderMove={[Function]}
          onResponderRelease={[Function]}
          onResponderTerminate={[Function]}
          onResponderTerminationRequest={[Function]}
          onStartShouldSetResponder={[Function]}
          testID="banner_refresh_btn"
        >
          <View
            style={
              {
                "alignItems": "center",
                "backgroundColor": "transparent",
                "justifyContent": "center",
              }
            }
          >
            <Text
              allowFontScaling={false}
              selectable={false}
              style={
                [
                  {
                    "color": "#EB576A",
                    "fontSize": 48.83720930232558,
                  },
                  {
                    "backgroundColor": "transparent",
                  },
                  {
                    "fontFamily": "Material Design Icons",
                    "fontStyle": "normal",
                    "fontWeight": "normal",
                  },
                  {},
                ]
              }
              testID="iconIcon"
            >
              󰑐
            </Text>
          </View>
        </View>
      </View>
      <View
        style={
          {
            "alignItems": "center",
          }
        }
      >
        <Text
          accessibilityRole="header"
          numberOfLines={1}
          style={
            {
              "color": "#1F2532",
              "fontFamily": "IBMPlexSans-SemiBold",
              "fontSize": 33.75,
              "lineHeight": 43.125,
            }
          }
        >
          Check-In
        </Text>
      </View>
      <View
        style={
          {
            "overflow": "hidden",
          }
        }
      >
        <View
          accessibilityHint="Opens new page with additional information and links."
          accessibilityLabel="Additional Information"
          accessibilityRole="button"
          accessibilityState={
            {
              "disabled": false,
            }
          }
          accessibilityValue={
            {
              "max": undefined,
              "min": undefined,
              "now": undefined,
              "text": undefined,
            }
          }
          accessible={true}
          focusable={true}
          onClick={[Function]}
          onResponderGrant={[Function]}
          onResponderMove={[Function]}
          onResponderRelease={[Function]}
          onResponderTerminate={[Function]}
          onResponderTerminationRequest={[Function]}
          onStartShouldSetResponder={[Function]}
          testID="banner_menu_btn"
        >
          <View
            style={
              {
                "alignItems": "center",
                "backgroundColor": "transparent",
                "justifyContent": "center",
              }
            }
          >
            <Text
              allowFontScaling={false}
              selectable={false}
              style={
                [
                  {
                    "color": "#EB576A",
                    "fontSize": 48.83720930232558,
                  },
                  {
                    "backgroundColor": "transparent",
                  },
                  {
                    "fontFamily": "Material Design Icons",
                    "fontStyle": "normal",
                    "fontWeight": "normal",
                  },
                  {},
                ]
              }
              testID="iconIcon"
            >
              󰍜
            </Text>
          </View>
        </View>
      </View>
    </View>
    <View
      style={
        {
          "flex": 1,
          "flexDirection": "column",
          "justifyContent": "center",
        }
      }
    >
      <Image
        resizeMode="contain"
        source={
          {
            "process": [Function],
          }
        }
        style={
          {
            "alignSelf": "center",
            "bottom": 13.081395348837209,
            "maxHeight": 308.781773931855,
            "maxWidth": 650,
            "position": "relative",
          }
        }
      />
    </View>
  </View>
  <View
    onLayout={[Function]}
    style={
      {
        "flex": 1,
        "flexDirection": "column",
        "width": "100%",
      }
    }
  >
    <RCTScrollView
      contentContainerStyle={
        {
          "flexGrow": 1,
        }
      }
      enableOnAndroid={true}
      onScroll={[Function]}
      scrollEventThrottle={16}
      style={
        {
          "flex": 1,
          "flexDirection": "column",
          "width": "100%",
        }
      }
    >
      <View>
        <View
          style={
            [
              {
                "backgroundColor": "#F8F9FA",
                "flexDirection": "column",
                "height": "100%",
              },
              {
                "justifyContent": "space-between",
              },
            ]
          }
        >
          <View
            accessibilityHint="Opens new page to see the questionnaire's categories.This questionnaire has not been answered yet."
            accessibilityLabel="Your Entry-Questionnaire Title. To be completed till:  03/14/2022"
            accessibilityRole="button"
            accessibilityValue={
              {
                "max": undefined,
                "min": undefined,
                "now": undefined,
                "text": undefined,
              }
            }
            accessible={true}
            focusable={true}
            onClick={[Function]}
            onResponderGrant={[Function]}
            onResponderMove={[Function]}
            onResponderRelease={[Function]}
            onResponderTerminate={[Function]}
            onResponderTerminationRequest={[Function]}
            onStartShouldSetResponder={[Function]}
            testID="CheckInListItem"
          >
            <View
              style={
                {
                  "alignItems": "center",
                  "backgroundColor": "#EB576A",
                  "borderBottomColor": "#EB576A",
                  "borderColor": "#bcbbc1",
                  "borderTopColor": "#EB576A",
                  "flexDirection": "row",
                  "padding": 52.325581395348834,
                  "width": "100%",
                }
              }
              testID="padView"
            >
              <View
                style={
                  [
                    {
                      "alignItems": "flex-start",
                      "flex": 1,
                      "justifyContent": "center",
                    },
                    undefined,
                  ]
                }
                theme={
                  {
                    "colors": {
                      "black": "#242424",
                      "disabled": "hsl(208, 8%, 90%)",
                      "divider": "#bcbbc1",
                      "error": "#ff190c",
                      "grey0": "#393e42",
                      "grey1": "#43484d",
                      "grey2": "#5e6977",
                      "grey3": "#86939e",
                      "grey4": "#bdc6cf",
                      "grey5": "#e1e8ee",
                      "greyOutline": "#bbb",
                      "platform": {
                        "android": {
                          "error": "#f44336",
                          "grey": "rgba(0, 0, 0, 0.54)",
                          "primary": "#2196f3",
                          "searchBg": "#dcdce1",
                          "secondary": "#9C27B0",
                          "success": "#4caf50",
                          "warning": "#ffeb3b",
                        },
                        "default": {
                          "error": "#ff3b30",
                          "grey": "#7d7d7d",
                          "primary": "#007aff",
                          "searchBg": "#dcdce1",
                          "secondary": "#5856d6",
                          "success": "#4cd964",
                          "warning": "#ffcc00",
                        },
                        "ios": {
                          "error": "#ff3b30",
                          "grey": "#7d7d7d",
                          "primary": "#007aff",
                          "searchBg": "#dcdce1",
                          "secondary": "#5856d6",
                          "success": "#4cd964",
                          "warning": "#ffcc00",
                        },
                        "web": {
                          "error": "#ff190c",
                          "grey": "#393e42",
                          "primary": "#2089dc",
                          "searchBg": "#303337",
                          "secondary": "#ca71eb",
                          "success": "#52c41a",
                          "warning": "#faad14",
                        },
                      },
                      "primary": "#2089dc",
                      "searchBg": "#303337",
                      "secondary": "#ca71eb",
                      "success": "#52c41a",
                      "warning": "#faad14",
                      "white": "#ffffff",
                    },
                  }
                }
              >
                <Text
                  style={
                    {
                      "backgroundColor": "transparent",
                      "color": "#F8F9FA",
                      "fontFamily": "IBMPlexSans-SemiBold",
                      "fontSize": 30,
                      "lineHeight": 37.5,
                    }
                  }
                  testID="listItemTitle"
                >
                  Your Entry-Questionnaire Title
                </Text>
                <Text
                  style={
                    {
                      "backgroundColor": "transparent",
                      "color": "#F8F9FA",
                      "fontFamily": "IBMPlexSans",
                      "fontSize": 28.125,
                      "lineHeight": 37.5,
                    }
                  }
                  testID="listItemTitle"
                >
                  To be completed till:  03/14/2022
                </Text>
              </View>
              <View
                style={
                  {
                    "paddingLeft": 16,
                  }
                }
              />
              <View
                style={
                  {
                    "alignSelf": "center",
                    "backgroundColor": "#F8F9FA",
                    "borderRadius": 16,
                    "height": 28,
                    "margin": 7,
                    "overflow": "hidden",
                    "shadowColor": "rgba(0,0,0, .4)",
                    "shadowOffset": {
                      "height": 1,
                      "width": 1,
                    },
                    "shadowOpacity": 1,
                    "shadowRadius": 1,
                    "width": 28,
                  }
                }
              >
                <View>
                  <View
                    style={
                      {
                        "alignItems": "center",
                        "backgroundColor": "#ffffff",
                        "borderRadius": 16,
                        "height": 28,
                        "justifyContent": "center",
                        "width": 28,
                      }
                    }
                  >
                    <Text
                      allowFontScaling={false}
                      selectable={false}
                      style={
                        [
                          {
                            "color": "#EB576A",
                            "fontSize": 12,
                          },
                          {
                            "backgroundColor": "transparent",
                          },
                          {
                            "fontFamily": "Material Design Icons",
                            "fontStyle": "normal",
                            "fontWeight": "normal",
                          },
                          {},
                        ]
                      }
                      testID="iconIcon"
                    >
                      󰲶
                    </Text>
                  </View>
                </View>
              </View>
            </View>
          </View>
          <View
            style={
              {
                "marginHorizontal": 52.325581395348834,
                "marginVertical": 43.604651162790695,
              }
            }
          >
            <View>
              <Text
                style={
                  {
                    "alignSelf": "center",
                    "color": "#1F2532",
                    "fontFamily": "IBMPlexSans-SemiBold",
                    "fontSize": 45,
                    "lineHeight": 54.375,
                    "textAlign": "center",
                  }
                }
              >
                CheckIn-Title for new Users
              </Text>
              <Text
                style={
                  {
                    "alignSelf": "center",
                    "color": "#1F2532",
                    "fontFamily": "IBMPlexSans",
                    "fontSize": 28.125,
                    "lineHeight": 37.5,
                    "marginVertical": 17.441860465116278,
                    "textAlign": "center",
                  }
                }
              >
                This is text that is presented to first-time-users. It tells them when the first questionnaire is due: 
                <Text
                  style={
                    {
                      "fontFamily": "IBMPlexSans-SemiBold",
                      "fontSize": 26.25,
                      "lineHeight": 35.625,
                    }
                  }
                >
                  03/14/2022, 00:00
                  .
                </Text>
                 - See? This is the second part of that message.
              </Text>
              <Text
                style={
                  {
                    "alignSelf": "center",
                    "color": "#1F2532",
                    "fontFamily": "IBMPlexSans",
                    "fontSize": 28.125,
                    "lineHeight": 37.5,
                    "marginVertical": 17.441860465116278,
                    "textAlign": "center",
                  }
                }
              >
                This is the bottom snippet of the welcomeText. You may place something useful here... like a limerick.
              </Text>
            </View>
          </View>
          <View
            style={
              {
                "flexDirection": "row",
                "flexWrap": "wrap",
                "justifyContent": "center",
              }
            }
          >
            <View
              accessibilityRole="button"
              accessibilityState={
                {
                  "busy": undefined,
                  "checked": undefined,
                  "disabled": undefined,
                  "expanded": undefined,
                  "selected": undefined,
                }
              }
              accessibilityValue={
                {
                  "max": undefined,
                  "min": undefined,
                  "now": undefined,
                  "text": undefined,
                }
              }
              accessible={true}
              collapsable={false}
              focusable={true}
              onClick={[Function]}
              onResponderGrant={[Function]}
              onResponderMove={[Function]}
              onResponderRelease={[Function]}
              onResponderTerminate={[Function]}
              onResponderTerminationRequest={[Function]}
              onStartShouldSetResponder={[Function]}
              style={
                {
                  "alignItems": "center",
                  "backgroundColor": "#DADADA",
                  "borderRadius": 5,
                  "color": "white",
                  "display": "flex",
                  "height": 191.86046511627907,
                  "justifyContent": "center",
                  "margin": 23.25581395348837,
                  "opacity": 1,
                  "padding": 10,
                  "width": 305.2325581395349,
                }
              }
              testID="send_report_btn"
            >
              <View
                style={
                  {
                    "justifyContent": "space-around",
                  }
                }
              >
                <View
                  style={
                    {
                      "overflow": "hidden",
                    }
                  }
                >
                  <View>
                    <View
                      style={
                        {
                          "alignItems": "center",
                          "backgroundColor": "transparent",
                          "justifyContent": "center",
                        }
                      }
                    >
                      <Text
                        allowFontScaling={false}
                        selectable={false}
                        style={
                          [
                            {
                              "color": "#F8F9FA",
                              "fontSize": 24,
                            },
                            {
                              "backgroundColor": "transparent",
                              "marginBottom": 5,
                            },
                            {
                              "fontFamily": "Material Icons",
                              "fontStyle": "normal",
                              "fontWeight": "normal",
                            },
                            {},
                          ]
                        }
                        testID="iconIcon"
                      >
                        
                      </Text>
                    </View>
                  </View>
                </View>
                <Text
                  style={
                    {
                      "color": "white",
                      "fontFamily": "IBMPlexSans-SemiBold",
                      "fontSize": 26.25,
                      "lineHeight": 35.625,
                      "textAlign": "center",
                    }
                  }
                >
                  Button: Send out Special Report
                </Text>
              </View>
            </View>
          </View>
        </View>
      </View>
    </RCTScrollView>
  </View>
</View>
`;
