// Jest Snapshot v1, https://goo.gl/fbAQLP

exports[`Questionnaire Modal should render the modal with the progressBar 1`] = `
<Modal
  animationType="none"
  deviceHeight={null}
  deviceWidth={null}
  hardwareAccelerated={false}
  hideModalContentWhileAnimating={false}
  onBackdropPress={[Function]}
  onModalHide={[Function]}
  onModalWillHide={[Function]}
  onModalWillShow={[Function]}
  onRequestClose={[Function]}
  onSwipeComplete={[Function]}
  panResponderThreshold={4}
  scrollHorizontal={false}
  scrollOffset={0}
  scrollOffsetMax={50}
  scrollTo={[Function]}
  statusBarTranslucent={false}
  supportedOrientations={
    Array [
      "portrait",
      "landscape",
    ]
  }
  swipeDirection={
    Array [
      "down",
    ]
  }
  swipeThreshold={100}
  testID="QuestionnaireModal"
  transparent={true}
  visible={true}
>
  <View
    accessible={true}
    focusable={true}
    forwardedRef={[Function]}
    onClick={[Function]}
    onResponderGrant={[Function]}
    onResponderMove={[Function]}
    onResponderRelease={[Function]}
    onResponderTerminate={[Function]}
    onResponderTerminationRequest={[Function]}
    onStartShouldSetResponder={[Function]}
    style={
      Object {
        "backgroundColor": "black",
        "bottom": 0,
        "height": 1334,
        "left": 0,
        "opacity": 0,
        "position": "absolute",
        "right": 0,
        "top": 0,
        "width": 750,
      }
    }
  />
  <View
    onLayout={[Function]}
    pointerEvents="box-none"
    style={
      Array [
        Array [
          Object {
            "margin": 37.5,
            "transform": Array [
              Object {
                "translateY": 0,
              },
            ],
          },
          Object {
            "flex": 1,
            "justifyContent": "center",
          },
          Object {
            "borderRadius": 10,
            "justifyContent": "flex-end",
            "marginBottom": 0,
            "marginLeft": 0,
            "marginRight": 0,
            "marginTop": 20,
          },
          Object {
            "margin": 0,
          },
        ],
        Object {
          "paddingBottom": 0,
        },
      ]
    }
  >
    <View
      deviceHeight={null}
      deviceWidth={null}
      forwardedRef={[Function]}
      hideModalContentWhileAnimating={false}
      onBackdropPress={[Function]}
      onModalHide={[Function]}
      onModalWillHide={[Function]}
      onModalWillShow={[Function]}
      onMoveShouldSetResponder={[Function]}
      onMoveShouldSetResponderCapture={[Function]}
      onResponderEnd={[Function]}
      onResponderGrant={[Function]}
      onResponderMove={[Function]}
      onResponderReject={[Function]}
      onResponderRelease={[Function]}
      onResponderStart={[Function]}
      onResponderTerminate={[Function]}
      onResponderTerminationRequest={[Function]}
      onStartShouldSetResponder={[Function]}
      onStartShouldSetResponderCapture={[Function]}
      onSwipeComplete={[Function]}
      panResponderThreshold={4}
      pointerEvents="box-none"
      scrollHorizontal={false}
      scrollOffset={0}
      scrollOffsetMax={50}
      scrollTo={[Function]}
      statusBarTranslucent={false}
      style={
        Object {
          "borderRadius": 10,
          "flex": 1,
          "justifyContent": "flex-end",
          "left": 0,
          "margin": 37.5,
          "marginBottom": 0,
          "marginLeft": 0,
          "marginRight": 0,
          "marginTop": 20,
          "top": 0,
          "transform": Array [
            Object {
              "translateY": 1334,
            },
          ],
        }
      }
      supportedOrientations={
        Array [
          "portrait",
          "landscape",
        ]
      }
      swipeDirection={
        Array [
          "down",
        ]
      }
      swipeThreshold={100}
    >
      <View
        style={
          Object {
            "backgroundColor": "#F8F9FA",
            "borderTopLeftRadius": 10,
            "borderTopRightRadius": 10,
            "height": "auto",
            "maxHeight": "90%",
            "padding": 20,
          }
        }
      >
        <View
          style={
            Object {
              "alignItems": "center",
              "flexDirection": "row",
              "justifyContent": "space-between",
              "marginBottom": 10,
              "width": "auto",
            }
          }
        >
          <Text
            accessibilityRole="header"
            style={
              Object {
                "color": "#1F2532",
                "fontFamily": "IBMPlexSans-SemiBold",
                "fontSize": 45,
                "lineHeight": 54.375,
              }
            }
          >
            Fragegruppe 1
          </Text>
          <View
            accessibilityHint="Closes current page or modal."
            accessibilityLabel="close"
            accessibilityRole="button"
            accessible={true}
            collapsable={false}
            focusable={true}
            nativeID="animatedComponent"
            onClick={[Function]}
            onResponderGrant={[Function]}
            onResponderMove={[Function]}
            onResponderRelease={[Function]}
            onResponderTerminate={[Function]}
            onResponderTerminationRequest={[Function]}
            onStartShouldSetResponder={[Function]}
            style={
              Object {
                "opacity": 1,
              }
            }
            testID="QuestionnaireModal_close"
          >
            <View
              style={
                Object {
                  "overflow": "hidden",
                }
              }
            >
              <View
                accessible={false}
              >
                <View
                  style={
                    Object {
                      "alignItems": "center",
                      "backgroundColor": "transparent",
                      "justifyContent": "center",
                    }
                  }
                >
                  <Text
                    allowFontScaling={false}
                    selectable={false}
                    style={
                      Array [
                        Object {
                          "color": "#1F2532",
                          "fontSize": 24,
                        },
                        Object {
                          "backgroundColor": "transparent",
                        },
                        Object {
                          "fontFamily": "Material Design Icons",
                          "fontStyle": "normal",
                          "fontWeight": "normal",
                        },
                        Object {},
                      ]
                    }
                    testID="iconIcon"
                  >
                    󰅖
                  </Text>
                </View>
              </View>
            </View>
          </View>
        </View>
        <RCTScrollView
          onScroll={[Function]}
          scrollEventThrottle={16}
        >
          <View>
            <View
              style={
                Object {
                  "marginBottom": 10,
                }
              }
            >
              <Text
                style={
                  Object {
                    "color": "#1F2532",
                    "fontFamily": "IBMPlexSans-SemiBold",
                    "fontSize": 33.75,
                    "lineHeight": 43.125,
                    "marginBottom": 5,
                    "marginTop": 5,
                  }
                }
              >
                Das ist eine Datumsabfrage
              </Text>
              <View
                accessible={true}
                collapsable={false}
                focusable={true}
                nativeID="animatedComponent"
                onClick={[Function]}
                onResponderGrant={[Function]}
                onResponderMove={[Function]}
                onResponderRelease={[Function]}
                onResponderTerminate={[Function]}
                onResponderTerminationRequest={[Function]}
                onStartShouldSetResponder={[Function]}
                style={
                  Object {
                    "opacity": 1,
                  }
                }
                testID="overlay"
              >
                <View
                  style={
                    Object {
                      "paddingHorizontal": 10,
                      "width": "100%",
                    }
                  }
                >
                  <View
                    collapsable={false}
                    nativeID="animatedComponent"
                    style={
                      Object {
                        "alignItems": "center",
                        "borderBottomWidth": 1,
                        "borderColor": "#86939e",
                        "flexDirection": "row",
                        "transform": Array [
                          Object {
                            "translateX": 0,
                          },
                        ],
                      }
                    }
                  >
                    <View
                      style={
                        Object {
                          "alignItems": "center",
                          "height": 40,
                          "justifyContent": "center",
                          "marginVertical": 4,
                          "paddingRight": 4,
                        }
                      }
                    >
                      <View
                        style={
                          Object {
                            "overflow": "hidden",
                          }
                        }
                      >
                        <View>
                          <View
                            style={
                              Object {
                                "alignItems": "center",
                                "backgroundColor": "transparent",
                                "justifyContent": "center",
                              }
                            }
                          >
                            <Text
                              allowFontScaling={false}
                              selectable={false}
                              style={
                                Array [
                                  Object {
                                    "color": "#242424",
                                    "fontSize": 24,
                                  },
                                  Object {
                                    "backgroundColor": "transparent",
                                  },
                                  Object {
                                    "fontFamily": "FontAwesome",
                                    "fontStyle": "normal",
                                    "fontWeight": "normal",
                                  },
                                  Object {},
                                ]
                              }
                              testID="iconIcon"
                            >
                              
                            </Text>
                          </View>
                        </View>
                      </View>
                    </View>
                    <TextInput
                      editable={false}
                      placeholderTextColor="#86939e"
                      pointerEvents="none"
                      style={
                        Object {
                          "color": "#242424",
                          "flex": 1,
                          "fontSize": 18,
                          "minHeight": 40,
                        }
                      }
                      testID="chosenDate"
                      underlineColorAndroid="transparent"
                      value={null}
                    />
                  </View>
                  <Text
                    style={
                      Object {
                        "color": "#ff190c",
                        "fontSize": 12,
                        "margin": 5,
                      }
                    }
                  />
                </View>
              </View>
            </View>
          </View>
        </RCTScrollView>
      </View>
      <View
        style={
          Object {
            "backgroundColor": "#F8F9FA",
          }
        }
        testID="BottomBar"
      >
        <View
          style={
            Object {
              "alignSelf": "center",
              "backgroundColor": "#DADADA",
              "borderRadius": 2.5,
              "height": 5,
              "marginHorizontal": 5,
              "width": "95%",
            }
          }
          testID="progressBar"
        >
          <View
            style={
              Array [
                Object {
                  "backgroundColor": "#1F2532",
                  "borderRadius": 2.5,
                  "height": 5,
                },
                Object {
                  "width": "10.526315789473683%",
                },
              ]
            }
          />
        </View>
        <View
          style={
            Object {
              "alignItems": "center",
              "flexDirection": "row",
              "flexWrap": "nowrap",
              "justifyContent": "space-evenly",
              "marginVertical": 10,
              "textAlign": "center",
            }
          }
        >
          <View
            style={
              Array [
                Object {
                  "borderRadius": 3,
                  "overflow": "hidden",
                },
                Object {
                  "borderRadius": 3,
                },
                undefined,
                false,
              ]
            }
          >
            <View
              accessibilityHint="Jump to previous question."
              accessibilityLabel="back"
              accessibilityRole="button"
              accessibilityState={
                Object {
                  "busy": false,
                  "disabled": false,
                }
              }
              accessible={true}
              collapsable={false}
              focusable={true}
              nativeID="animatedComponent"
              onClick={[Function]}
              onResponderGrant={[Function]}
              onResponderMove={[Function]}
              onResponderRelease={[Function]}
              onResponderTerminate={[Function]}
              onResponderTerminationRequest={[Function]}
              onStartShouldSetResponder={[Function]}
              style={
                Object {
                  "height": 44,
                  "opacity": 1,
                  "position": "relative",
                  "width": 44,
                }
              }
              testID="BottomBar_back_btn"
            >
              <View
                style={
                  Object {
                    "alignItems": "center",
                    "backgroundColor": "transparent",
                    "borderColor": "#2089dc",
                    "borderRadius": 3,
                    "borderWidth": 0,
                    "flexDirection": "row",
                    "justifyContent": "center",
                    "padding": 8,
                  }
                }
              >
                <View
                  style={
                    Object {
                      "overflow": "hidden",
                    }
                  }
                >
                  <View>
                    <View
                      style={
                        Object {
                          "alignItems": "center",
                          "backgroundColor": "transparent",
                          "justifyContent": "center",
                        }
                      }
                    >
                      <Text
                        allowFontScaling={false}
                        selectable={false}
                        style={
                          Array [
                            Object {
                              "color": "#1F2532",
                              "fontSize": 24,
                            },
                            Object {
                              "backgroundColor": "transparent",
                            },
                            Object {
                              "fontFamily": "Material Design Icons",
                              "fontStyle": "normal",
                              "fontWeight": "normal",
                            },
                            Object {},
                          ]
                        }
                        testID="iconIcon"
                      >
                        󰁍
                      </Text>
                    </View>
                  </View>
                </View>
              </View>
            </View>
          </View>
          <View
            style={
              Array [
                Object {
                  "borderRadius": 3,
                  "overflow": "hidden",
                },
                Object {
                  "borderRadius": 3,
                },
                undefined,
                false,
              ]
            }
          >
            <View
              accessibilityHint="Jumps to the next questions, or closes the modal if this was the last question."
              accessibilityLabel="Next question, even though question is not yet answered."
              accessibilityRole="button"
              accessibilityState={
                Object {
                  "busy": false,
                  "disabled": false,
                }
              }
              accessible={true}
              collapsable={false}
              focusable={true}
              nativeID="animatedComponent"
              onClick={[Function]}
              onResponderGrant={[Function]}
              onResponderMove={[Function]}
              onResponderRelease={[Function]}
              onResponderTerminate={[Function]}
              onResponderTerminationRequest={[Function]}
              onStartShouldSetResponder={[Function]}
              style={
                Object {
                  "opacity": 1,
                }
              }
              testID="BottomBar_confirm_btn"
            >
              <View
                style={
                  Object {
                    "alignItems": "center",
                    "backgroundColor": "transparent",
                    "borderColor": "#2089dc",
                    "borderRadius": 3,
                    "borderWidth": 0,
                    "flexDirection": "row",
                    "justifyContent": "center",
                    "padding": 8,
                  }
                }
              >
                <View
                  style={
                    Object {
                      "borderRadius": 28,
                      "height": 52,
                      "margin": 7,
                      "overflow": "hidden",
                      "width": 52,
                    }
                  }
                >
                  <View>
                    <View
                      style={
                        Object {
                          "alignItems": "center",
                          "backgroundColor": "#1F2532",
                          "borderRadius": 28,
                          "height": 52,
                          "justifyContent": "center",
                          "width": 52,
                        }
                      }
                    >
                      <Text
                        allowFontScaling={false}
                        selectable={false}
                        style={
                          Array [
                            Object {
                              "color": "#ffffff",
                              "fontSize": 24,
                            },
                            Object {
                              "backgroundColor": "transparent",
                            },
                            Object {
                              "fontFamily": "Material Design Icons",
                              "fontStyle": "normal",
                              "fontWeight": "normal",
                            },
                            Object {},
                          ]
                        }
                        testID="iconIcon"
                      >
                        󰄬
                      </Text>
                    </View>
                  </View>
                </View>
              </View>
            </View>
          </View>
          <View
            style={
              Array [
                Object {
                  "borderRadius": 3,
                  "overflow": "hidden",
                },
                Object {
                  "borderRadius": 3,
                },
                undefined,
                false,
              ]
            }
          >
            <View
              accessibilityHint="Jump to the next question."
              accessibilityRole="button"
              accessibilityState={
                Object {
                  "busy": false,
                  "disabled": false,
                }
              }
              accessible={true}
              collapsable={false}
              focusable={true}
              nativeID="animatedComponent"
              onClick={[Function]}
              onResponderGrant={[Function]}
              onResponderMove={[Function]}
              onResponderRelease={[Function]}
              onResponderTerminate={[Function]}
              onResponderTerminationRequest={[Function]}
              onStartShouldSetResponder={[Function]}
              style={
                Object {
                  "height": 44,
                  "opacity": 1,
                  "position": "relative",
                  "width": 44,
                }
              }
              testID="BottomBar_fwd_btn"
            >
              <View
                style={
                  Object {
                    "alignItems": "center",
                    "backgroundColor": "transparent",
                    "borderColor": "#2089dc",
                    "borderRadius": 3,
                    "borderWidth": 0,
                    "flexDirection": "row",
                    "justifyContent": "center",
                    "padding": 8,
                  }
                }
              >
                <View
                  style={
                    Object {
                      "overflow": "hidden",
                    }
                  }
                >
                  <View>
                    <View
                      style={
                        Object {
                          "alignItems": "center",
                          "backgroundColor": "transparent",
                          "justifyContent": "center",
                        }
                      }
                    >
                      <Text
                        allowFontScaling={false}
                        selectable={false}
                        style={
                          Array [
                            Object {
                              "color": "#1F2532",
                              "fontSize": 24,
                            },
                            Object {
                              "backgroundColor": "transparent",
                            },
                            Object {
                              "fontFamily": "Material Design Icons",
                              "fontStyle": "normal",
                              "fontWeight": "normal",
                            },
                            Object {},
                          ]
                        }
                        testID="iconIcon"
                      >
                        󰁔
                      </Text>
                    </View>
                  </View>
                </View>
              </View>
            </View>
          </View>
        </View>
      </View>
    </View>
  </View>
</Modal>
`;
