// Jest Snapshot v1, https://goo.gl/fbAQLP

exports[`SHARED COMPONENTS: <Progressbar /> can be rendered 1`] = `
<View
  style={
    Object {
      "alignSelf": "center",
      "backgroundColor": "#DADADA",
      "borderRadius": 2.5,
      "height": 5,
      "marginHorizontal": 5,
      "width": "95%",
    }
  }
>
  <View
    style={
      Object {
        "backgroundColor": "#1F2532",
        "borderRadius": 2.5,
        "height": 5,
        "width": "NaN%",
      }
    }
  />
</View>
`;

exports[`SHARED COMPONENTS: <QuestionnaireModal /> can be rendered 1`] = `<View />`;

exports[`SHARED COMPONENTS: <ScrollIndicatorWrapper /> can be rendered 1`] = `
<View
  onLayout={[Function]}
  style={
    Object {
      "flex": 1,
      "flexDirection": "column",
      "width": "100%",
    }
  }
>
  <RCTScrollView
    contentContainerStyle={
      Object {
        "flexGrow": 1,
      }
    }
    enableOnAndroid={true}
    innerRef={[Function]}
    onScroll={[Function]}
    scrollEventThrottle={16}
    style={
      Object {
        "flex": 1,
        "flexDirection": "column",
        "width": "100%",
      }
    }
  >
    <View />
  </RCTScrollView>
</View>
`;

exports[`SHARED COMPONENTS: <Spinner /> can be rendered 1`] = `
<Modal
  hardwareAccelerated={false}
  visible={true}
>
  <View
    style={
      Object {
        "backgroundColor": "#1F2532",
        "bottom": 0,
        "flex": 1,
        "left": 0,
        "position": "absolute",
        "right": 0,
        "top": 0,
      }
    }
  >
    <View
      style={
        Object {
          "alignItems": "center",
          "bottom": 0,
          "justifyContent": "center",
          "left": 0,
          "position": "absolute",
          "right": 0,
          "top": 0,
        }
      }
    >
      <ActivityIndicator
        color="#EB576A"
        size="large"
        style={
          Object {
            "flex": 1,
          }
        }
      />
    </View>
  </View>
</Modal>
`;
